// Jest Snapshot v1, https://goo.gl/fbAQLP

exports[`Coolers +++capturing Snapshot of Notifications 1`] = `null`;
