// Jest Snapshot v1, https://goo.gl/fbAQLP

exports[`CoolerCard +++capturing Snapshot of CoolerCard 1`] = `null`;
