// Jest Snapshot v1, https://goo.gl/fbAQLP

exports[`NotificationsTemplate +++capturing Snapshot of NotificationsTemplate 1`] = `null`;
