// Jest Snapshot v1, https://goo.gl/fbAQLP

exports[`Notifications +++capturing Snapshot of Notifications 1`] = `null`;
