// Jest Snapshot v1, https://goo.gl/fbAQLP

exports['App renders with async fonts being loaded 1'] = 'null';
